
> frontend@0.1.0 dev
> next dev

▲ Next.js 16.2.9 (Turbopack)
- Local:         http://localhost:3000
- Network:       http://192.168.0.2:3000
- Environments: .env.local
✓ Ready in 608ms

○ Compiling / ...
 HEAD / 200 in 4.6s (next.js: 4.1s, application-code: 423ms)
 GET / 200 in 196ms (next.js: 16ms, application-code: 180ms)
 GET / 200 in 96ms (next.js: 4ms, application-code: 92ms)
 GET /agent 200 in 1772ms (next.js: 1413ms, application-code: 358ms)
[browser] A tree hydrated but some attributes of the server rendered HTML didn't match the client properties. This won't be patched up. This can happen if a SSR-ed Client Component used:

- A server/client branch `if (typeof window !== 'undefined')`.
- Variable input such as `Date.now()` or `Math.random()` which changes each time it's called.
- Date formatting in a user's locale which doesn't match the server.
- External changing data without sending a snapshot of it along with the HTML.
- Invalid HTML tag nesting.

It can also happen if the client has a browser extension installed which messes with the HTML before React loaded.

https://react.dev/link/hydration-mismatch

  ...
    <SegmentViewNode type="page" pagePath="agent/page...">
      <SegmentTrieNode>
      <ClientPageRoot Component={function AgentPage} serverProvidedParams={{...}}>
        <AgentPage params={Promise} searchParams={Promise}>
          <Shell title="Sovereign ...">
            <div className="flex h-scr...">
              <Sidebar>
              <div className="flex-1 fle...">
                <Topbar>
                <main className="flex-1 ove...">
                  <div className="grid grid-...">
                    <Card className="col-span-2...">
                      <div data-slot="card" data-size="default" className={"group/ca..."}>
                        <CardHeader>
                        <CardContent className="px-0 pb-0 ...">
                          <div data-slot="card-content" className="px-0 pb-0 ...">
                            <div>
                            <div className="p-4 border...">
                              <div className="flex items...">
                                <input
                                  type="text"
                                  value=""
                                  onChange={function onChange}
                                  onKeyDown={function onKeyDown}
                                  placeholder="Ask the agent to create a win-back campaign for VIPs..."
                                  className="flex-1 bg-transparent px-3 py-1.5 text-[14px] outline-none"
                                  disabled={false}
-                                 style={{caret-color:"transparent"}}
                                >
                                ...
                              ...
                    ...
    ...

 GET /proposals 200 in 1137ms (next.js: 940ms, application-code: 198ms)
 GET / 200 in 127ms (next.js: 6ms, application-code: 121ms)
 GET /agent 200 in 78ms (next.js: 4ms, application-code: 74ms)
[browser] A tree hydrated but some attributes of the server rendered HTML didn't match the client properties. This won't be patched up. This can happen if a SSR-ed Client Component used:

- A server/client branch `if (typeof window !== 'undefined')`.
- Variable input such as `Date.now()` or `Math.random()` which changes each time it's called.
- Date formatting in a user's locale which doesn't match the server.
- External changing data without sending a snapshot of it along with the HTML.
- Invalid HTML tag nesting.

It can also happen if the client has a browser extension installed which messes with the HTML before React loaded.

https://react.dev/link/hydration-mismatch

  ...
    <SegmentViewNode type="page" pagePath="agent/page...">
      <SegmentTrieNode>
      <ClientPageRoot Component={function AgentPage} serverProvidedParams={{...}}>
        <AgentPage params={Promise} searchParams={Promise}>
          <Shell title="Sovereign ...">
            <div className="flex h-scr...">
              <Sidebar>
              <div className="flex-1 fle...">
                <Topbar>
                <main className="flex-1 ove...">
                  <div className="grid grid-...">
                    <Card className="col-span-2...">
                      <div data-slot="card" data-size="default" className={"group/ca..."}>
                        <CardHeader>
                        <CardContent className="px-0 pb-0 ...">
                          <div data-slot="card-content" className="px-0 pb-0 ...">
                            <div>
                            <div className="p-4 border...">
                              <div className="flex items...">
                                <input
                                  type="text"
                                  value=""
                                  onChange={function onChange}
                                  onKeyDown={function onKeyDown}
                                  placeholder="Ask the agent to create a win-back campaign for VIPs..."
                                  className="flex-1 bg-transparent px-3 py-1.5 text-[14px] outline-none"
                                  disabled={false}
-                                 style={{caret-color:"transparent"}}
                                >
                                ...
                              ...
                    ...
    ...

 GET /proposals 200 in 99ms (next.js: 10ms, application-code: 89ms)
 GET /segments 200 in 929ms (next.js: 746ms, application-code: 184ms)
 GET /memory 200 in 791ms (next.js: 643ms, application-code: 148ms)
[browser] A tree hydrated but some attributes of the server rendered HTML didn't match the client properties. This won't be patched up. This can happen if a SSR-ed Client Component used:

- A server/client branch `if (typeof window !== 'undefined')`.
- Variable input such as `Date.now()` or `Math.random()` which changes each time it's called.
- Date formatting in a user's locale which doesn't match the server.
- External changing data without sending a snapshot of it along with the HTML.
- Invalid HTML tag nesting.

It can also happen if the client has a browser extension installed which messes with the HTML before React loaded.

https://react.dev/link/hydration-mismatch

  ...
    <SegmentViewNode type="page" pagePath="memory/pag...">
      <SegmentTrieNode>
      <ClientPageRoot Component={function MemoryPage} serverProvidedParams={{...}}>
        <MemoryPage params={Promise} searchParams={Promise}>
          <Shell title={"Org Memo..."} topbarActions={<Fragment>}>
            <div className="flex h-scr...">
              <Sidebar>
              <div className="flex-1 fle...">
                <Topbar>
                <main className="flex-1 ove...">
                  <div className="grid grid-...">
                    <div className="flex flex-...">
                      <Card className="shadow-min...">
                        <div data-slot="card" data-size="default" className={"group/ca..."}>
                          <CardHeader>
                          <CardContent className="px-5 pb-5">
                            <div data-slot="card-content" className="px-5 pb-5">
                              <div className="flex items...">
                                <Search>
                                <input
                                  type="text"
                                  placeholder={"Ask anything — \"What works for VIP users on WhatsApp?\""}
                                  className="bg-transparent border-none outline-none text-[13px] text-text-primary w-f..."
-                                 style={{caret-color:"transparent"}}
                                >
                              ...
                      ...
                    <div className="flex flex-...">
                      <Card className="shadow-min...">
                        <div data-slot="card" data-size="default" className={"group/ca..."}>
                          <CardHeader>
                          <CardContent className="px-5 pb-5 ...">
                            <div data-slot="card-content" className="px-5 pb-5 ...">
                              <div>
                              <div className="flex items...">
                                <input
                                  type="text"
                                  placeholder="Ask the agent to do something…"
                                  className="flex-1 bg-bg-secondary border border-border-secondary rounded-lg px-4 py-..."
-                                 style={{caret-color:"transparent"}}
                                >
                                ...
                      ...
    ...

✓ Compiled in 5s
The width(-1) and height(-1) of chart should be greater than 0,
       please check the style of container, or the props width(100%) and height(100%),
       or add a minWidth(0) or minHeight(undefined) or use aspect(undefined) to control the
       height and width.
The width(-1) and height(-1) of chart should be greater than 0,
       please check the style of container, or the props width(100%) and height(100%),
       or add a minWidth(0) or minHeight(undefined) or use aspect(undefined) to control the
       height and width.
 GET / 200 in 1459ms (next.js: 531ms, application-code: 928ms)
[browser] The width(-1) and height(-1) of chart should be greater than 0,
       please check the style of container, or the props width(100%) and height(100%),
       or add a minWidth(0) or minHeight(undefined) or use aspect(undefined) to control the
       height and width.
[browser] The width(-1) and height(-1) of chart should be greater than 0,
       please check the style of container, or the props width(100%) and height(100%),
       or add a minWidth(0) or minHeight(undefined) or use aspect(undefined) to control the
       height and width.
[browser] The width(-1) and height(-1) of chart should be greater than 0,
       please check the style of container, or the props width(100%) and height(100%),
       or add a minWidth(0) or minHeight(undefined) or use aspect(undefined) to control the
       height and width.
[browser] The width(-1) and height(-1) of chart should be greater than 0,
       please check the style of container, or the props width(100%) and height(100%),
       or add a minWidth(0) or minHeight(undefined) or use aspect(undefined) to control the
       height and width.
 GET /agent 200 in 273ms (next.js: 44ms, application-code: 229ms)
The width(-1) and height(-1) of chart should be greater than 0,
       please check the style of container, or the props width(100%) and height(100%),
       or add a minWidth(0) or minHeight(undefined) or use aspect(undefined) to control the
       height and width.
The width(-1) and height(-1) of chart should be greater than 0,
       please check the style of container, or the props width(100%) and height(100%),
       or add a minWidth(0) or minHeight(undefined) or use aspect(undefined) to control the
       height and width.
 GET /mab 200 in 3.0s (next.js: 2.6s, application-code: 450ms)
[browser] The width(-1) and height(-1) of chart should be greater than 0,
       please check the style of container, or the props width(100%) and height(100%),
       or add a minWidth(0) or minHeight(undefined) or use aspect(undefined) to control the
       height and width.
[browser] The width(-1) and height(-1) of chart should be greater than 0,
       please check the style of container, or the props width(100%) and height(100%),
       or add a minWidth(0) or minHeight(undefined) or use aspect(undefined) to control the
       height and width.
[browser] The width(-1) and height(-1) of chart should be greater than 0,
       please check the style of container, or the props width(100%) and height(100%),
       or add a minWidth(0) or minHeight(undefined) or use aspect(undefined) to control the
       height and width.
[browser] The width(-1) and height(-1) of chart should be greater than 0,
       please check the style of container, or the props width(100%) and height(100%),
       or add a minWidth(0) or minHeight(undefined) or use aspect(undefined) to control the
       height and width.
 GET /campaigns 200 in 1194ms (next.js: 1037ms, application-code: 158ms)
 GET /audit-logs 200 in 1129ms (next.js: 821ms, application-code: 308ms)
